[     113ms] [LOG] [Fast Refresh] rebuilding @ http://localhost:3000/_next/static/chunks/0z~i_next_dist_080cxwf._.js:2477
[     910ms] [LOG] [Fast Refresh] done in 898ms @ http://localhost:3000/_next/static/chunks/0z~i_next_dist_080cxwf._.js:2477
[    1069ms] [INFO] %cDownload the React DevTools for a better development experience: https://react.dev/link/react-devtools font-weight:bold @ http://localhost:3000/_next/static/chunks/0z~i_next_dist_080cxwf._.js:2477
[    1102ms] [LOG] [HMR] connected @ http://localhost:3000/_next/static/chunks/0z~i_next_dist_080cxwf._.js:2477
[    1120ms] [ERROR] %c%s%c listClanListings failed background: #e6e6e6;background: light-dark(rgba(0,0,0,0.1), rgba(255,255,255,0.25));color: #000000;color: light-dark(#000000, #ffffff);border-radius: 2px  Server   Error: DATABASE_URL ayarlanmamış. .env.local'i doldur.
    at createClient (about://React/Server/C:%5CUsers%5Cerdem%5CDesktop%5Ccoc-klan%5C.next%5Cdev%5Cserver%5Cchunks%5Cssr%5C%5Broot-of-the-server%5D__0m38mpy._.js?20:608:15)
    at Object.get (about://React/Server/C:%5CUsers%5Cerdem%5CDesktop%5Ccoc-klan%5C.next%5Cdev%5Cserver%5Cchunks%5Cssr%5C%5Broot-of-the-server%5D__0m38mpy._.js?21:624:38)
    at listClanListings (about://React/Server/C:%5CUsers%5Cerdem%5CDesktop%5Ccoc-klan%5C.next%5Cdev%5Cserver%5Cchunks%5Cssr%5C%5Broot-of-the-server%5D__0n-a~j4._.js?22:557:158)
    at ClansPage (about://React/Server/C:%5CUsers%5Cerdem%5CDesktop%5Ccoc-klan%5C.next%5Cdev%5Cserver%5Cchunks%5Cssr%5C%5Broot-of-the-server%5D__0n-a~j4._.js?23:747:181)
    at resolveErrorDev (http://localhost:3000/_next/static/chunks/0z~i_next_dist_compiled_react-server-dom-turbopack_0b1fl7f._.js:1919:105)
    at getOutlinedModel (http://localhost:3000/_next/static/chunks/0z~i_next_dist_compiled_react-server-dom-turbopack_0b1fl7f._.js:1469:28)
    at parseModelString (http://localhost:3000/_next/static/chunks/0z~i_next_dist_compiled_react-server-dom-turbopack_0b1fl7f._.js:1584:50)
    at reviveModel (http://localhost:3000/_next/static/chunks/0z~i_next_dist_compiled_react-server-dom-turbopack_0b1fl7f._.js:2522:66)
    at parseModel (http://localhost:3000/_next/static/chunks/0z~i_next_dist_compiled_react-server-dom-turbopack_0b1fl7f._.js:2517:16)
    at initializeModelChunk (http://localhost:3000/_next/static/chunks/0z~i_next_dist_compiled_react-server-dom-turbopack_0b1fl7f._.js:1084:25)
    at getOutlinedModel (http://localhost:3000/_next/static/chunks/0z~i_next_dist_compiled_react-server-dom-turbopack_0b1fl7f._.js:1407:17)
    at parseModelString (http://localhost:3000/_next/static/chunks/0z~i_next_dist_compiled_react-server-dom-turbopack_0b1fl7f._.js:1639:50)
    at reviveModel (http://localhost:3000/_next/static/chunks/0z~i_next_dist_compiled_react-server-dom-turbopack_0b1fl7f._.js:2522:66)
    at reviveModel (http://localhost:3000/_next/static/chunks/0z~i_next_dist_compiled_react-server-dom-turbopack_0b1fl7f._.js:2525:61)
    at parseModel (http://localhost:3000/_next/static/chunks/0z~i_next_dist_compiled_react-server-dom-turbopack_0b1fl7f._.js:2517:16)
    at initializeModelChunk (http://localhost:3000/_next/static/chunks/0z~i_next_dist_compiled_react-server-dom-turbopack_0b1fl7f._.js:1084:25)
    at resolveConsoleEntry (http://localhost:3000/_next/static/chunks/0z~i_next_dist_compiled_react-server-dom-turbopack_0b1fl7f._.js:2047:96)
    at processFullStringRow (http://localhost:3000/_next/static/chunks/0z~i_next_dist_compiled_react-server-dom-turbopack_0b1fl7f._.js:2453:17)
    at processFullBinaryRow (http://localhost:3000/_next/static/chunks/0z~i_next_dist_compiled_react-server-dom-turbopack_0b1fl7f._.js:2393:9)
    at processBinaryChunk (http://localhost:3000/_next/static/chunks/0z~i_next_dist_compiled_react-server-dom-turbopack_0b1fl7f._.js:2502:221)
    at progress (http://localhost:3000/_next/static/chunks/0z~i_next_dist_compiled_react-server-dom-turbopack_0b1fl7f._.js:2676:20) @ http://localhost:3000/_next/static/chunks/0z~i_next_dist_080cxwf._.js:3318
